Microchip MPLAB XC8 Compiler V2.40

Linker command line:

-W-3 \
  --edf=C:\Program Files\Microchip\xc8\v2.40\pic\dat\20220703182018_en.msgs \
  -cn -h+dist/default/production\GPIO_Driver.production.sym \
  --cmf=dist/default/production\GPIO_Driver.production.cmf -z -Q18F4620 \
  -oC:\Users\KAREEM~1\AppData\Local\Temp\xcAsajo.5 --defsym=__MPLAB_BUILD=1 \
  --fixupoverflow=error \
  -Mdist/default/production/GPIO_Driver.production.map \
  --md=C:\Users\KAREEM~1\AppData\Local\Temp\xcBsajo.dat -E1 \
  -ver=XC8 Compiler --acfsm=1493 -ACODE=00h-0FFFFh -ACONST=00h-0FFFFh \
  -ASMALLCONST=01000h-010FFhx240 -AMEDIUMCONST=01000h-0FFFFh \
  -ACOMRAM=01h-07Fh -AABS1=00h-0F7Fh -ABIGRAM=01h-0F7Fh \
  -ARAM=080h-0FFh,0100h-01FFhx14,0F00h-0F7Fh -ABANK0=080h-0FFh \
  -ABANK1=0100h-01FFh -ABANK2=0200h-02FFh -ABANK3=0300h-03FFh \
  -ABANK4=0400h-04FFh -ABANK5=0500h-05FFh -ABANK6=0600h-06FFh \
  -ABANK7=0700h-07FFh -ABANK8=0800h-08FFh -ABANK9=0900h-09FFh \
  -ABANK10=0A00h-0AFFh -ABANK11=0B00h-0BFFh -ABANK12=0C00h-0CFFh \
  -ABANK13=0D00h-0DFFh -ABANK14=0E00h-0EFFh -ABANK15=0F00h-0F7Fh \
  -ASFR=0F80h-0FFFh -ABIGSFR=0F80h-0FFFh -ACONFIG=0300000h-030000Dh \
  -AIDLOC=0200000h-0200007h -AEEDATA=0F00000h-0F003FFh -peeprom_data=EEDATA \
  -preset_vec=00h,intcode=08h,intcodelo,powerup,init -pramtop=01000h \
  -psmallconst=SMALLCONST -pmediumconst=MEDIUMCONST -pconst=CONST \
  -AFARRAM=00h-00h \
  -prdata=COMRAM,nvrram=COMRAM,nvbit=COMRAM,rbss=COMRAM,rbit=COMRAM \
  -pfarbss=FARRAM,fardata=FARRAM,nvFARRAM=FARRAM \
  -pintsave_regs=BIGRAM,bigbss=BIGRAM,bigdata=BIGRAM -pbss=RAM \
  -pidata=CODE,irdata=CODE,ibigdata=CODE,ifardata=CODE -prparam=COMRAM \
  C:\Users\KAREEM~1\AppData\Local\Temp\xcAsajo.o \
  dist/default/production\GPIO_Driver.production.o 

Object code version is 3.11

Machine type is 18F4620



                Name                               Link     Load   Length Selector   Space Scale
C:\Users\KAREEM~1\AppData\Local\Temp\xcAsajo.o
                idloc                            200000   200000        8        0       5
                config                           300000   300000        E        0       4
                init                                  E        E        4        4       0
                reset_vec                             0        0        4        0       0
dist/default/production\GPIO_Driver.production.o
                intcode                               8        8        6        4       0
                idloc                            200000   200000        8        0       5
                config                           300000   300000        E        0       4
                temp                                 6D       6D        1        1       1
                smallconst                         1000     1000       16      800       0
                text19                             18BA     18BA        4      BD7       0
                text18                             18B6     18B6        4      BD7       0
                text17                             18B2     18B2        4      BD7       0
                text16                             14F6     14F6       B0      80B       0
                text15                             16C8     16C8       7C      80B       0
                text14                             1896     1896       10      BD7       0
                text13                             1886     1886       10      BD7       0
                text12                             1876     1876       10      BD7       0
                text11                             1866     1866       10      BD7       0
                text10                             1838     1838       2E      BD7       0
                text9                              180A     180A       2E      BD7       0
                text8                              17DC     17DC       2E      BD7       0
                text7                              17AE     17AE       2E      BD7       0
                intcode_body                       1178     1178      14E      80B       0
                text5                              1016     1016      162      80B       0
                text4                              1410     1410       E6      80B       0
                text3                              12C6     12C6      14A      80B       0
                text2                              15A6     15A6       A0      80B       0
                text1                              1646     1646       82      80B       0
                text0                              18A6     18A6        C      BD7       0
                cstackCOMRAM                         51       51       1C        1       1
                cstackBANK0                          80       80        5       80       1
                dataCOMRAM                            1        1       33        1       1
                bssCOMRAM                            34       34       1D        1       1
                cinit                              1744     1744       36      80B       0
                idataCOMRAM                        177A     177A       33      80B       0

TOTAL           Name                               Link     Load   Length     Space
        CLASS   CODE           
                intcode                               8        8        6         0
                init                                  E        E        4         0
                reset_vec                             0        0        4         0
                text19                             18BA     18BA        4         0
                text18                             18B6     18B6        4         0
                text17                             18B2     18B2        4         0
                text16                             14F6     14F6       B0         0
                text15                             16C8     16C8       7C         0
                text14                             1896     1896       10         0
                text13                             1886     1886       10         0
                text12                             1876     1876       10         0
                text11                             1866     1866       10         0
                text10                             1838     1838       2E         0
                text9                              180A     180A       2E         0
                text8                              17DC     17DC       2E         0
                text7                              17AE     17AE       2E         0
                intcode_body                       1178     1178      14E         0
                text5                              1016     1016      162         0
                text4                              1410     1410       E6         0
                text3                              12C6     12C6      14A         0
                text2                              15A6     15A6       A0         0
                text1                              1646     1646       82         0
                text0                              18A6     18A6        C         0
                cinit                              1744     1744       36         0
                idataCOMRAM                        177A     177A       33         0

        CLASS   CONST          

        CLASS   SMALLCONST     
                smallconst                         1000     1000       16         0

        CLASS   MEDIUMCONST    

        CLASS   COMRAM         
                temp                                 6D       6D        1         1
                cstackCOMRAM                         51       51       1C         1
                dataCOMRAM                            1        1       33         1
                bssCOMRAM                            34       34       1D         1

        CLASS   ABS1           

        CLASS   BIGRAM         

        CLASS   RAM            

        CLASS   BANK0          
                cstackBANK0                          80       80        5         1

        CLASS   BANK1          

        CLASS   BANK2          

        CLASS   BANK3          

        CLASS   BANK4          

        CLASS   BANK5          

        CLASS   BANK6          

        CLASS   BANK7          

        CLASS   BANK8          

        CLASS   BANK9          

        CLASS   BANK10         

        CLASS   BANK11         

        CLASS   BANK12         

        CLASS   BANK13         

        CLASS   BANK14         

        CLASS   BANK15         

        CLASS   SFR            

        CLASS   BIGSFR         

        CLASS   CONFIG         
                config                           300000   300000        E         4

        CLASS   IDLOC          
                idloc                            200000   200000        8         5

        CLASS   EEDATA         

        CLASS   FARRAM         

        CLASS   HEAP           

        CLASS   STACK          



SEGMENTS        Name                           Load    Length   Top    Selector   Space  Class

                reset_vec                      000000  000004  000004         0       0  CODE    
                dataCOMRAM                     000001  00006D  00006E         1       1  COMRAM  
                intcode                        000008  00000A  000012         4       0  CODE    
                cstackBANK0                    000080  000005  000085        80       1  BANK0   
                smallconst                     001000  000016  001016       800       0  SMALLCON
                text5                          001016  000797  0017AD       80B       0  CODE    
                text7                          0017AE  000110  0018BE       BD7       0  CODE    


UNUSED ADDRESS RANGES

        Name                Unused          Largest block    Delta
        BANK0            000085-0000FF               7B
        BANK1            000100-0001FF              100
        BANK10           000A00-000AFF              100
        BANK11           000B00-000BFF              100
        BANK12           000C00-000CFF              100
        BANK13           000D00-000DFF              100
        BANK14           000E00-000EFF              100
        BANK15           000F00-000F7F               80
        BANK2            000200-0002FF              100
        BANK3            000300-0003FF              100
        BANK4            000400-0004FF              100
        BANK5            000500-0005FF              100
        BANK6            000600-0006FF              100
        BANK7            000700-0007FF              100
        BANK8            000800-0008FF              100
        BANK9            000900-0009FF              100
        BIGRAM           00006E-00007F               12
                         000085-000F7F              EFB
        BIGSFR           000F80-000FFF               80
        CODE             000004-000007                4
                         000012-000FFF              FEE
                         0017AD-0017AD                1
                         0018BE-00FFFF             E742
        COMRAM           00006E-00007F               12
        CONST            000004-000007                4
                         000012-000FFF              FEE
                         0017AD-0017AD                1
                         0018BE-00FFFF             E742
        EEDATA           F00000-F003FF              400
        MEDIUMCONST      0017AD-0017AD                1
                         0018BE-00FFFF             E742
        RAM              000085-000F7F              100
        SFR              000F80-000FFF               80
        SMALLCONST       0017AD-0017AD                1
                         0018BE-00FFFF              100

                                  Symbol Table

Dc_motor_initialize@F3042             bssCOMRAM    000050
Dc_motor_initialize@F3044             bssCOMRAM    00004F
Dc_motor_stop@F3065                   bssCOMRAM    00004A
Dc_motor_stop@F3067                   bssCOMRAM    000049
Dc_motor_turn_left@F3051              bssCOMRAM    00004E
Dc_motor_turn_left@F3053              bssCOMRAM    00004D
Dc_motor_turn_right@F3058             bssCOMRAM    00004C
Dc_motor_turn_right@F3060             bssCOMRAM    00004B
Interrupt_RBx_Init@interrupt_obj      cstackBANK0  000080
Interrupt_RBx_Init@ret                cstackCOMRAM 00006C
_ADCON0bits                           (abs)        000FC2
_ADCON1bits                           (abs)        000FC1
_ADCON2bits                           (abs)        000FC0
_ADRESH                               (abs)        000FC4
_ADRESL                               (abs)        000FC3
_Application_initialize               text1        001646
_INT0_ISR                             text19       0018BA
_INT0_InterruptHandler                bssCOMRAM    000040
_INT1_ISR                             text18       0018B6
_INT1_InterruptHandler                bssCOMRAM    00003E
_INT2_ISR                             text17       0018B2
_INT2_InterruptHandler                bssCOMRAM    00003C
_INTCON2bits                          (abs)        000FF1
_INTCON3bits                          (abs)        000FF0
_INTCONbits                           (abs)        000FF2
_InterruptManager                     intcode      000008
_Interrupt_RBx_Init                   text4        001410
_LATA                                 (abs)        000F89
_LATB                                 (abs)        000F8A
_LATC                                 (abs)        000F8B
_LATD                                 (abs)        000F8C
_LATE                                 (abs)        000F8D
_PORTA                                (abs)        000F80
_PORTB                                (abs)        000F81
_PORTBbits                            (abs)        000F81
_PORTC                                (abs)        000F82
_PORTD                                (abs)        000F83
_PORTE                                (abs)        000F84
_RB4_ISR                              text10       001838
_RB4_InterruptHandler                 bssCOMRAM    00003A
_RB5_ISR                              text9        00180A
_RB5_InterruptHandler                 bssCOMRAM    000038
_RB6_ISR                              text8        0017DC
_RB6_InterruptHandler                 bssCOMRAM    000036
_RB7_ISR                              text7        0017AE
_RB7_InterruptHandler                 bssCOMRAM    000034
_RB_int0_app_isr                      text13       001886
_RB_int1_app_isr                      text12       001876
_RB_int2_app_isr                      text11       001866
_RB_int3_app_isr                      text14       001896
_TRISA                                (abs)        000F92
_TRISB                                (abs)        000F93
_TRISC                                (abs)        000F94
_TRISD                                (abs)        000F95
_TRISE                                (abs)        000F96
__HRAM                                (abs)        000000
__Habs1                               abs1         000000
__Hbank0                              bank0        000000
__Hbank1                              bank1        000000
__Hbank10                             bank10       000000
__Hbank11                             bank11       000000
__Hbank12                             bank12       000000
__Hbank13                             bank13       000000
__Hbank14                             bank14       000000
__Hbank15                             bank15       000000
__Hbank2                              bank2        000000
__Hbank3                              bank3        000000
__Hbank4                              bank4        000000
__Hbank5                              bank5        000000
__Hbank6                              bank6        000000
__Hbank7                              bank7        000000
__Hbank8                              bank8        000000
__Hbank9                              bank9        000000
__Hbigbss                             bigbss       000000
__Hbigdata                            bigdata      000000
__Hbigram                             bigram       000000
__Hbigsfr                             bigsfr       000000
__Hbss                                bss          000000
__HbssCOMRAM                          bssCOMRAM    000000
__Hcinit                              cinit        000000
__Hclrtext                            clrtext      000000
__Hcomram                             comram       000000
__Hconfig                             config       30000E
__Hconst                              const        000000
__HcstackBANK0                        cstackBANK0  000000
__HcstackCOMRAM                       cstackCOMRAM 000000
__Hdata                               data         000000
__HdataCOMRAM                         dataCOMRAM   000000
__Heeprom_data                        eeprom_data  000000
__Hfarbss                             farbss       000000
__Hfardata                            fardata      000000
__Hheap                               heap         000000
__Hibigdata                           ibigdata     000000
__Hidata                              idata        000000
__HidataCOMRAM                        idataCOMRAM  000000
__Hidloc                              idloc        200008
__Hifardata                           ifardata     000000
__Hinit                               init         000012
__Hintcode                            intcode      00000E
__Hintcode_body                       intcode_body 000000
__Hintcodelo                          intcodelo    00000E
__Hintentry                           intentry     000000
__Hintret                             intret       000000
__Hintsave_regs                       intsave_regs 000000
__Hirdata                             irdata       000000
__Hmediumconst                        mediumconst  000000
__HnvFARRAM                           nvFARRAM     000000
__Hnvbit                              nvbit        000000
__Hnvrram                             nvrram       000000
__Hparam                              rparam       000000
__Hpowerup                            powerup      00000E
__Hram                                ram          000000
__Hramtop                             ramtop       001000
__Hrbit                               rbit         000000
__Hrbss                               rbss         000000
__Hrdata                              rdata        000000
__Hreset_vec                          reset_vec    000004
__Hrparam                             rparam       000000
__Hsfr                                sfr          000000
__Hsmallconst                         smallconst   001016
__Hspace_0                            (abs)        0018BE
__Hspace_1                            (abs)        000085
__Hspace_2                            (abs)        000000
__Hspace_4                            (abs)        60000E
__Hstack                              stack        000000
__Hstruct                             struct       000000
__Htemp                               temp         00006E
__Htext                               text         000000
__Htext0                              text0        000000
__Htext1                              text1        000000
__Htext10                             text10       000000
__Htext11                             text11       000000
__Htext12                             text12       000000
__Htext13                             text13       000000
__Htext14                             text14       000000
__Htext15                             text15       000000
__Htext16                             text16       000000
__Htext17                             text17       000000
__Htext18                             text18       000000
__Htext19                             text19       000000
__Htext2                              text2        000000
__Htext20                             text20       000000
__Htext3                              text3        000000
__Htext4                              text4        000000
__Htext5                              text5        000000
__Htext7                              text7        000000
__Htext8                              text8        000000
__Htext9                              text9        000000
__LRAM                                (abs)        000001
__Labs1                               abs1         000000
__Lbank0                              bank0        000000
__Lbank1                              bank1        000000
__Lbank10                             bank10       000000
__Lbank11                             bank11       000000
__Lbank12                             bank12       000000
__Lbank13                             bank13       000000
__Lbank14                             bank14       000000
__Lbank15                             bank15       000000
__Lbank2                              bank2        000000
__Lbank3                              bank3        000000
__Lbank4                              bank4        000000
__Lbank5                              bank5        000000
__Lbank6                              bank6        000000
__Lbank7                              bank7        000000
__Lbank8                              bank8        000000
__Lbank9                              bank9        000000
__Lbigbss                             bigbss       000000
__Lbigdata                            bigdata      000000
__Lbigram                             bigram       000000
__Lbigsfr                             bigsfr       000000
__Lbss                                bss          000000
__LbssCOMRAM                          bssCOMRAM    000000
__Lcinit                              cinit        000000
__Lclrtext                            clrtext      000000
__Lcomram                             comram       000000
__Lconfig                             config       000000
__Lconst                              const        000000
__LcstackBANK0                        cstackBANK0  000000
__LcstackCOMRAM                       cstackCOMRAM 000000
__Ldata                               data         000000
__LdataCOMRAM                         dataCOMRAM   000000
__Leeprom_data                        eeprom_data  000000
__Lfarbss                             farbss       000000
__Lfardata                            fardata      000000
__Lheap                               heap         000000
__Libigdata                           ibigdata     000000
__Lidata                              idata        000000
__LidataCOMRAM                        idataCOMRAM  000000
__Lidloc                              idloc        000000
__Lifardata                           ifardata     000000
__Linit                               init         00000E
__Lintcode                            intcode      000008
__Lintcode_body                       intcode_body 000000
__Lintcodelo                          intcodelo    00000E
__Lintentry                           intentry     000000
__Lintret                             intret       000000
__Lintsave_regs                       intsave_regs 000000
__Lirdata                             irdata       000000
__Lmediumconst                        mediumconst  000000
__LnvFARRAM                           nvFARRAM     000000
__Lnvbit                              nvbit        000000
__Lnvrram                             nvrram       000000
__Lparam                              rparam       000000
__Lpowerup                            powerup      00000E
__Lram                                ram          000000
__Lramtop                             ramtop       001000
__Lrbit                               rbit         000000
__Lrbss                               rbss         000000
__Lrdata                              rdata        000000
__Lreset_vec                          reset_vec    000000
__Lrparam                             rparam       000000
__Lsfr                                sfr          000000
__Lsmallconst                         smallconst   001000
__Lspace_0                            (abs)        000000
__Lspace_1                            (abs)        000000
__Lspace_2                            (abs)        000000
__Lspace_4                            (abs)        000000
__Lstack                              stack        000000
__Lstruct                             struct       000000
__Ltemp                               temp         00006D
__Ltext                               text         000000
__Ltext0                              text0        000000
__Ltext1                              text1        000000
__Ltext10                             text10       000000
__Ltext11                             text11       000000
__Ltext12                             text12       000000
__Ltext13                             text13       000000
__Ltext14                             text14       000000
__Ltext15                             text15       000000
__Ltext16                             text16       000000
__Ltext17                             text17       000000
__Ltext18                             text18       000000
__Ltext19                             text19       000000
__Ltext2                              text2        000000
__Ltext20                             text20       000000
__Ltext3                              text3        000000
__Ltext4                              text4        000000
__Ltext5                              text5        000000
__Ltext7                              text7        000000
__Ltext8                              text8        000000
__Ltext9                              text9        000000
__S0                                  (abs)        0018BE
__S1                                  (abs)        000085
__S4                                  (abs)        000000
__S5                                  (abs)        000000
___heap_hi                            (abs)        000000
___heap_lo                            (abs)        000000
___inthi_sp                           stack        000000
___intlo_sp                           stack        000000
___param_bank                         (abs)        000000
___rparam_used                        (abs)        000001
___sp                                 stack        000000
__accesstop                           (abs)        000080
__activetblptr                        (abs)        000003
__end_of_Application_initialize       text1        0016C8
__end_of_INT0_ISR                     text19       0018BE
__end_of_INT1_ISR                     text18       0018BA
__end_of_INT2_ISR                     text17       0018B6
__end_of_InterruptManager             intcode_body 0012C6
__end_of_Interrupt_RBx_Init           text4        0014F6
__end_of_RB4_ISR                      text10       001866
__end_of_RB5_ISR                      text9        001838
__end_of_RB6_ISR                      text8        00180A
__end_of_RB7_ISR                      text7        0017DC
__end_of_RB_int0_app_isr              text13       001896
__end_of_RB_int1_app_isr              text12       001886
__end_of_RB_int2_app_isr              text11       001876
__end_of_RB_int3_app_isr              text14       0018A6
__end_of__initialization              cinit        001770
__end_of_btn_values                   smallconst   001011
__end_of_gpio_pin_direction_init      text5        001178
__end_of_gpio_pin_toggle_logic        text16       0015A6
__end_of_gpio_pin_write_logic         text3        001410
__end_of_led_initialize               text2        001646
__end_of_led_toggle_logic             text15       001744
__end_of_main                         text0        0018B2
__initialization                      cinit        001744
__mediumconst                         mediumconst  000000
__pbssCOMRAM                          bssCOMRAM    000034
__pcinit                              cinit        001744
__pcstackBANK0                        cstackBANK0  000080
__pcstackCOMRAM                       cstackCOMRAM 000051
__pdataCOMRAM                         dataCOMRAM   000001
__pidataCOMRAM                        idataCOMRAM  00177A
__pintcode                            intcode      000008
__pintcode_body                       intcode_body 001178
__psmallconst                         smallconst   001000
__ptext0                              text0        0018A6
__ptext1                              text1        001646
__ptext10                             text10       001838
__ptext11                             text11       001866
__ptext12                             text12       001876
__ptext13                             text13       001886
__ptext14                             text14       001896
__ptext15                             text15       0016C8
__ptext16                             text16       0014F6
__ptext17                             text17       0018B2
__ptext18                             text18       0018B6
__ptext19                             text19       0018BA
__ptext2                              text2        0015A6
__ptext20                             text20       000000
__ptext3                              text3        0012C6
__ptext4                              text4        001410
__ptext5                              text5        001016
__ptext7                              text7        0017AE
__ptext8                              text8        0017DC
__ptext9                              text9        00180A
__ramtop                              ramtop       001000
__smallconst                          smallconst   001000
_gpio_pin_direction_init              text5        001016
_gpio_pin_toggle_logic                text16       0014F6
_gpio_pin_write_logic                 text3        0012C6
_int1_obj                             dataCOMRAM   00002C
_int2_obj                             dataCOMRAM   000028
_int3_obj                             dataCOMRAM   000024
_int4_obj                             dataCOMRAM   000020
_lat_register                         dataCOMRAM   00000B
_led1                                 dataCOMRAM   000033
_led2                                 dataCOMRAM   000032
_led3                                 dataCOMRAM   000031
_led4                                 dataCOMRAM   000030
_led_initialize                       text2        0015A6
_led_toggle_logic                     text15       0016C8
_main                                 text0        0018A6
_port_register                        dataCOMRAM   000001
_ret                                  dataCOMRAM   00001F
_tris_register                        dataCOMRAM   000015
btemp                                 temp         00006D
end_of_initialization                 cinit        001770
gpio_pin_direction_init@_pin_config_t cstackCOMRAM 000063
gpio_pin_direction_init@ret           cstackCOMRAM 00006B
gpio_pin_toggle_logic@_pin_config_t   cstackCOMRAM 000051
gpio_pin_write_logic@_pin_config_t    cstackCOMRAM 000063
gpio_pin_write_logic@logic            cstackCOMRAM 000065
gpio_pin_write_logic@ret              cstackCOMRAM 00006C
int$flags                             temp         00006D
int_func                              intcode_body 001178
intlevel0                             text         000000
intlevel1                             text         000000
intlevel2                             text         000000
intlevel3                             text         000000
isa$std                               (abs)        000001
isa$xinst                             (abs)        000000
led_initialize@F3043                  bssCOMRAM    000048
led_initialize@led                    cstackBANK0  000080
led_initialize@pin_obj                cstackBANK0  000084
led_initialize@ret                    cstackBANK0  000083
led_toggle_logic@F3058                bssCOMRAM    000045
led_toggle_logic@led                  cstackCOMRAM 000058
led_toggle_logic@pin_obj              cstackCOMRAM 00005C
led_toggle_logic@ret                  cstackCOMRAM 00005B
led_turn_off@F3053                    bssCOMRAM    000046
led_turn_on@F3048                     bssCOMRAM    000047
relay_initialize@F3037                bssCOMRAM    000044
relay_turn_off@F3047                  bssCOMRAM    000042
relay_turn_on@F3042                   bssCOMRAM    000043
stackhi                               (abs)        000000
stacklo                               (abs)        000000
start                                 init         00000E
start_initialization                  cinit        001744
ttemp5                                temp         00006E
ttemp6                                temp         000071
ttemp7                                temp         000075
wtemp8                                temp         00006E


MODULE INFORMATION

Module		Function		Class		Link	Load	Size
Application.c
		_main          		CODE           	18A6	0000	12
		_RB_int2_app_isr		CODE           	1866	0000	16
		_RB_int1_app_isr		CODE           	1876	0000	16
		_RB_int0_app_isr		CODE           	1886	0000	16
		_Application_initialize		CODE           	1646	0000	130
		_RB_int3_app_isr		CODE           	1896	0000	16

Application.c estimated size: 206

MCAL_Layer/Interrupt/hal_extrenal_interrupt.c
		_RB4_ISR       		CODE           	1838	0000	46
		_RB5_ISR       		CODE           	180A	0000	46
		_RB6_ISR       		CODE           	17DC	0000	46
		_RB7_ISR       		CODE           	17AE	0000	46
		_INT0_ISR      		CODE           	18BA	0000	4
		_Interrupt_RBx_Init		CODE           	1410	0000	230
		_INT1_ISR      		CODE           	18B6	0000	4
		_INT2_ISR      		CODE           	18B2	0000	4

MCAL_Layer/Interrupt/hal_extrenal_interrupt.c estimated size: 426

MCAL_Layer/Interrupt/hal_manager_interrupt.c
		_InterruptManager		CODE           	0008	0000	340

MCAL_Layer/Interrupt/hal_manager_interrupt.c estimated size: 340

shared
		_btn_values    		SMALLCONST     	0000	0000	0
		__initialization		CODE           	1744	0000	44

shared estimated size: 44

MCAL_Layer/hal_gpio.c
		_gpio_pin_write_logic		CODE           	12C6	0000	330
		_gpio_pin_direction_init		CODE           	1016	0000	354
		_gpio_pin_toggle_logic		CODE           	14F6	0000	176

MCAL_Layer/hal_gpio.c estimated size: 860

ECU_Layer/Ecu_led.c
		_led_initialize		CODE           	15A6	0000	160
		_led_toggle_logic		CODE           	16C8	0000	124

ECU_Layer/Ecu_led.c estimated size: 284

