Microchip MPLAB XC8 Compiler V2.40

Linker command line:

-W-3 \
  --edf=C:\Program Files\Microchip\xc8\v2.40\pic\dat\20220703182018_en.msgs \
  -cn -h+dist/default/production\GPIO_Driver.production.sym \
  --cmf=dist/default/production\GPIO_Driver.production.cmf -z -Q18F4620 \
  -oC:\Users\KAREEM~1\AppData\Local\Temp\xcAs52k.4 --defsym=__MPLAB_BUILD=1 \
  --fixupoverflow=error \
  -Mdist/default/production/GPIO_Driver.production.map \
  --md=C:\Users\KAREEM~1\AppData\Local\Temp\xcAs52k.dat -E1 \
  -ver=XC8 Compiler --acfsm=1493 -ACODE=00h-0FFFFh -ACONST=00h-0FFFFh \
  -ASMALLCONST=01000h-010FFhx240 -AMEDIUMCONST=01000h-0FFFFh \
  -ACOMRAM=01h-07Fh -AABS1=00h-0F7Fh -ABIGRAM=01h-0F7Fh \
  -ARAM=080h-0FFh,0100h-01FFhx14,0F00h-0F7Fh -ABANK0=080h-0FFh \
  -ABANK1=0100h-01FFh -ABANK2=0200h-02FFh -ABANK3=0300h-03FFh \
  -ABANK4=0400h-04FFh -ABANK5=0500h-05FFh -ABANK6=0600h-06FFh \
  -ABANK7=0700h-07FFh -ABANK8=0800h-08FFh -ABANK9=0900h-09FFh \
  -ABANK10=0A00h-0AFFh -ABANK11=0B00h-0BFFh -ABANK12=0C00h-0CFFh \
  -ABANK13=0D00h-0DFFh -ABANK14=0E00h-0EFFh -ABANK15=0F00h-0F7Fh \
  -ASFR=0F80h-0FFFh -ABIGSFR=0F80h-0FFFh -ACONFIG=0300000h-030000Dh \
  -AIDLOC=0200000h-0200007h -AEEDATA=0F00000h-0F003FFh -peeprom_data=EEDATA \
  -preset_vec=00h,intcode=08h,intcodelo,powerup,init -pramtop=01000h \
  -psmallconst=SMALLCONST -pmediumconst=MEDIUMCONST -pconst=CONST \
  -AFARRAM=00h-00h \
  -prdata=COMRAM,nvrram=COMRAM,nvbit=COMRAM,rbss=COMRAM,rbit=COMRAM \
  -pfarbss=FARRAM,fardata=FARRAM,nvFARRAM=FARRAM \
  -pintsave_regs=BIGRAM,bigbss=BIGRAM,bigdata=BIGRAM -pbss=RAM \
  -pidata=CODE,irdata=CODE,ibigdata=CODE,ifardata=CODE -prparam=COMRAM \
  C:\Users\KAREEM~1\AppData\Local\Temp\xcAs52k.o \
  dist/default/production\GPIO_Driver.production.o 

Object code version is 3.11

Machine type is 18F4620



                Name                               Link     Load   Length Selector   Space Scale
C:\Users\KAREEM~1\AppData\Local\Temp\xcAs52k.o
                idloc                            200000   200000        8        0       5
                config                           300000   300000        E        0       4
                init                                  E        E        4        4       0
                reset_vec                             0        0        4        0       0
dist/default/production\GPIO_Driver.production.o
                intcode                               8        8        6        4       0
                idloc                            200000   200000        8        0       5
                config                           300000   300000        E        0       4
                temp                                 6B       6B        1        1       1
                smallconst                         1000     1000       16      800       0
                text23                             139A     139A       B0      80B       0
                text22                             16A0     16A0       7C      80B       0
                text21                             1A86     1A86       10      80B       0
                text20                             1A76     1A76       10      80B       0
                text19                             1A66     1A66       10      80B       0
                text18                             19BA     19BA       2E      80B       0
                text17                             198C     198C       2E      80B       0
                text16                             195E     195E       2E      80B       0
                intcode_body                       158C     158C       96      80B       0
                text14                             178E     178E       72      80B       0
                text13                             171C     171C       72      80B       0
                text12                             12C2     12C2       D8      80B       0
                text11                             1622     1622       7E      80B       0
                text10                             1016     1016      162      80B       0
                text9                              192E     192E       30      80B       0
                text8                              1A3C     1A3C       2A      80B       0
                text7                              1A12     1A12       2A      80B       0
                text6                              19E8     19E8       2A      80B       0
                text5                              144A     144A       AA      80B       0
                text4                              1800     1800       6E      80B       0
                text3                              1178     1178      14A      80B       0
                text2                              14F4     14F4       98      80B       0
                text1                              186E     186E       56      80B       0
                text0                              1A96     1A96        C      80B       0
                cstackCOMRAM                         35       35       21        1       1
                dataCOMRAM                            1        1       34        1       1
                bssCOMRAM                            56       56       15        1       1
                cinit                              18C4     18C4       36      80B       0
                idataCOMRAM                        18FA     18FA       34      80B       0

TOTAL           Name                               Link     Load   Length     Space
        CLASS   CODE           
                intcode                               8        8        6         0
                init                                  E        E        4         0
                reset_vec                             0        0        4         0
                text23                             139A     139A       B0         0
                text22                             16A0     16A0       7C         0
                text21                             1A86     1A86       10         0
                text20                             1A76     1A76       10         0
                text19                             1A66     1A66       10         0
                text18                             19BA     19BA       2E         0
                text17                             198C     198C       2E         0
                text16                             195E     195E       2E         0
                intcode_body                       158C     158C       96         0
                text14                             178E     178E       72         0
                text13                             171C     171C       72         0
                text12                             12C2     12C2       D8         0
                text11                             1622     1622       7E         0
                text10                             1016     1016      162         0
                text9                              192E     192E       30         0
                text8                              1A3C     1A3C       2A         0
                text7                              1A12     1A12       2A         0
                text6                              19E8     19E8       2A         0
                text5                              144A     144A       AA         0
                text4                              1800     1800       6E         0
                text3                              1178     1178      14A         0
                text2                              14F4     14F4       98         0
                text1                              186E     186E       56         0
                text0                              1A96     1A96        C         0
                cinit                              18C4     18C4       36         0
                idataCOMRAM                        18FA     18FA       34         0

        CLASS   CONST          

        CLASS   SMALLCONST     
                smallconst                         1000     1000       16         0

        CLASS   MEDIUMCONST    

        CLASS   COMRAM         
                temp                                 6B       6B        1         1
                cstackCOMRAM                         35       35       21         1
                dataCOMRAM                            1        1       34         1
                bssCOMRAM                            56       56       15         1

        CLASS   ABS1           

        CLASS   BIGRAM         

        CLASS   RAM            

        CLASS   BANK0          

        CLASS   BANK1          

        CLASS   BANK2          

        CLASS   BANK3          

        CLASS   BANK4          

        CLASS   BANK5          

        CLASS   BANK6          

        CLASS   BANK7          

        CLASS   BANK8          

        CLASS   BANK9          

        CLASS   BANK10         

        CLASS   BANK11         

        CLASS   BANK12         

        CLASS   BANK13         

        CLASS   BANK14         

        CLASS   BANK15         

        CLASS   SFR            

        CLASS   BIGSFR         

        CLASS   CONFIG         
                config                           300000   300000        E         4

        CLASS   IDLOC          
                idloc                            200000   200000        8         5

        CLASS   EEDATA         

        CLASS   FARRAM         

        CLASS   HEAP           

        CLASS   STACK          



SEGMENTS        Name                           Load    Length   Top    Selector   Space  Class

                reset_vec                      000000  000004  000004         0       0  CODE    
                dataCOMRAM                     000001  00006B  00006C         1       1  COMRAM  
                intcode                        000008  00000A  000012         4       0  CODE    
                smallconst                     001000  000016  001016       800       0  SMALLCON
                text10                         001016  000A8C  001AA2       80B       0  CODE    


UNUSED ADDRESS RANGES

        Name                Unused          Largest block    Delta
        BANK0            000080-0000FF               80
        BANK1            000100-0001FF              100
        BANK10           000A00-000AFF              100
        BANK11           000B00-000BFF              100
        BANK12           000C00-000CFF              100
        BANK13           000D00-000DFF              100
        BANK14           000E00-000EFF              100
        BANK15           000F00-000F7F               80
        BANK2            000200-0002FF              100
        BANK3            000300-0003FF              100
        BANK4            000400-0004FF              100
        BANK5            000500-0005FF              100
        BANK6            000600-0006FF              100
        BANK7            000700-0007FF              100
        BANK8            000800-0008FF              100
        BANK9            000900-0009FF              100
        BIGRAM           00006C-000F7F              F14
        BIGSFR           000F80-000FFF               80
        CODE             000004-000007                4
                         000012-000FFF              FEE
                         001AA2-00FFFF             E55E
        COMRAM           00006C-00007F               14
        CONST            000004-000007                4
                         000012-000FFF              FEE
                         001AA2-00FFFF             E55E
        EEDATA           F00000-F003FF              400
        MEDIUMCONST      001AA2-00FFFF             E55E
        RAM              000080-000F7F              100
        SFR              000F80-000FFF               80
        SMALLCONST       001AA2-00FFFF              100

                                  Symbol Table

Dc_motor_initialize@F3042                        bssCOMRAM    00006A
Dc_motor_initialize@F3044                        bssCOMRAM    000069
Dc_motor_stop@F3065                              bssCOMRAM    000064
Dc_motor_stop@F3067                              bssCOMRAM    000063
Dc_motor_turn_left@F3051                         bssCOMRAM    000068
Dc_motor_turn_left@F3053                         bssCOMRAM    000067
Dc_motor_turn_right@F3058                        bssCOMRAM    000066
Dc_motor_turn_right@F3060                        bssCOMRAM    000065
Interrupt_INTx_Clear_Flag@interrupt_obj          cstackCOMRAM 000047
Interrupt_INTx_Clear_Flag@ret                    cstackCOMRAM 00004B
Interrupt_INTx_Disable@interrupt_obj             cstackCOMRAM 000047
Interrupt_INTx_Disable@ret                       cstackCOMRAM 00004B
Interrupt_INTx_Edge_init@interrupt_obj           cstackCOMRAM 000047
Interrupt_INTx_Edge_init@ret                     cstackCOMRAM 00004B
Interrupt_INTx_Enable@interrupt_obj              cstackCOMRAM 000047
Interrupt_INTx_Enable@ret                        cstackCOMRAM 00004B
Interrupt_INTx_Init@interrupt_obj                cstackCOMRAM 000053
Interrupt_INTx_Init@ret                          cstackCOMRAM 000055
Interrupt_INTx_Pin@interrupt_obj                 cstackCOMRAM 000050
Interrupt_INTx_Pin@ret                           cstackCOMRAM 000052
Interrupt_INTx_SetInterruptHandler@interrupt_obj cstackCOMRAM 00004A
Interrupt_INTx_SetInterruptHandler@ret           cstackCOMRAM 00004E
Set_INT0_InterruptHandler@InterruptHandler       cstackCOMRAM 000047
Set_INT0_InterruptHandler@ret                    cstackCOMRAM 000049
Set_INT1_InterruptHandler@InterruptHandler       cstackCOMRAM 000047
Set_INT1_InterruptHandler@ret                    cstackCOMRAM 000049
Set_INT2_InterruptHandler@InterruptHandler       cstackCOMRAM 000047
Set_INT2_InterruptHandler@ret                    cstackCOMRAM 000049
_ADCON0bits                                      (abs)        000FC2
_ADCON1bits                                      (abs)        000FC1
_ADCON2bits                                      (abs)        000FC0
_ADRESH                                          (abs)        000FC4
_ADRESL                                          (abs)        000FC3
_Application_initialize                          text1        00186E
_INT0_ISR                                        text18       0019BA
_INT0_InterruptHandler                           bssCOMRAM    00005A
_INT1_ISR                                        text17       00198C
_INT1_InterruptHandler                           bssCOMRAM    000058
_INT2_ISR                                        text16       00195E
_INT2_InterruptHandler                           bssCOMRAM    000056
_INTCON2bits                                     (abs)        000FF1
_INTCON3bits                                     (abs)        000FF0
_INTCONbits                                      (abs)        000FF2
_InterruptManager                                intcode      000008
_Interrupt_INTx_Clear_Flag                       text14       00178E
_Interrupt_INTx_Disable                          text13       00171C
_Interrupt_INTx_Edge_init                        text12       0012C2
_Interrupt_INTx_Enable                           text11       001622
_Interrupt_INTx_Init                             text4        001800
_Interrupt_INTx_Pin                              text9        00192E
_Interrupt_INTx_SetInterruptHandler              text5        00144A
_LATA                                            (abs)        000F89
_LATB                                            (abs)        000F8A
_LATC                                            (abs)        000F8B
_LATD                                            (abs)        000F8C
_LATE                                            (abs)        000F8D
_PORTA                                           (abs)        000F80
_PORTB                                           (abs)        000F81
_PORTC                                           (abs)        000F82
_PORTD                                           (abs)        000F83
_PORTE                                           (abs)        000F84
_Set_INT0_InterruptHandler                       text8        001A3C
_Set_INT1_InterruptHandler                       text7        001A12
_Set_INT2_InterruptHandler                       text6        0019E8
_TRISA                                           (abs)        000F92
_TRISB                                           (abs)        000F93
_TRISC                                           (abs)        000F94
_TRISD                                           (abs)        000F95
_TRISE                                           (abs)        000F96
__HRAM                                           (abs)        000000
__Habs1                                          abs1         000000
__Hbank0                                         bank0        000000
__Hbank1                                         bank1        000000
__Hbank10                                        bank10       000000
__Hbank11                                        bank11       000000
__Hbank12                                        bank12       000000
__Hbank13                                        bank13       000000
__Hbank14                                        bank14       000000
__Hbank15                                        bank15       000000
__Hbank2                                         bank2        000000
__Hbank3                                         bank3        000000
__Hbank4                                         bank4        000000
__Hbank5                                         bank5        000000
__Hbank6                                         bank6        000000
__Hbank7                                         bank7        000000
__Hbank8                                         bank8        000000
__Hbank9                                         bank9        000000
__Hbigbss                                        bigbss       000000
__Hbigdata                                       bigdata      000000
__Hbigram                                        bigram       000000
__Hbigsfr                                        bigsfr       000000
__Hbss                                           bss          000000
__HbssCOMRAM                                     bssCOMRAM    000000
__Hcinit                                         cinit        000000
__Hclrtext                                       clrtext      000000
__Hcomram                                        comram       000000
__Hconfig                                        config       30000E
__Hconst                                         const        000000
__HcstackCOMRAM                                  cstackCOMRAM 000000
__Hdata                                          data         000000
__HdataCOMRAM                                    dataCOMRAM   000000
__Heeprom_data                                   eeprom_data  000000
__Hfarbss                                        farbss       000000
__Hfardata                                       fardata      000000
__Hheap                                          heap         000000
__Hibigdata                                      ibigdata     000000
__Hidata                                         idata        000000
__HidataCOMRAM                                   idataCOMRAM  000000
__Hidloc                                         idloc        200008
__Hifardata                                      ifardata     000000
__Hinit                                          init         000012
__Hintcode                                       intcode      00000E
__Hintcode_body                                  intcode_body 000000
__Hintcodelo                                     intcodelo    00000E
__Hintentry                                      intentry     000000
__Hintret                                        intret       000000
__Hintsave_regs                                  intsave_regs 000000
__Hirdata                                        irdata       000000
__Hmediumconst                                   mediumconst  000000
__HnvFARRAM                                      nvFARRAM     000000
__Hnvbit                                         nvbit        000000
__Hnvrram                                        nvrram       000000
__Hparam                                         rparam       000000
__Hpowerup                                       powerup      00000E
__Hram                                           ram          000000
__Hramtop                                        ramtop       001000
__Hrbit                                          rbit         000000
__Hrbss                                          rbss         000000
__Hrdata                                         rdata        000000
__Hreset_vec                                     reset_vec    000004
__Hrparam                                        rparam       000000
__Hsfr                                           sfr          000000
__Hsmallconst                                    smallconst   001016
__Hspace_0                                       (abs)        001AA2
__Hspace_1                                       (abs)        00006C
__Hspace_2                                       (abs)        000000
__Hspace_4                                       (abs)        60000E
__Hstack                                         stack        000000
__Hstruct                                        struct       000000
__Htemp                                          temp         00006C
__Htext                                          text         000000
__Htext0                                         text0        000000
__Htext1                                         text1        000000
__Htext10                                        text10       000000
__Htext11                                        text11       000000
__Htext12                                        text12       000000
__Htext13                                        text13       000000
__Htext14                                        text14       000000
__Htext16                                        text16       000000
__Htext17                                        text17       000000
__Htext18                                        text18       000000
__Htext19                                        text19       000000
__Htext2                                         text2        000000
__Htext20                                        text20       000000
__Htext21                                        text21       000000
__Htext22                                        text22       000000
__Htext23                                        text23       000000
__Htext24                                        text24       000000
__Htext3                                         text3        000000
__Htext4                                         text4        000000
__Htext5                                         text5        000000
__Htext6                                         text6        000000
__Htext7                                         text7        000000
__Htext8                                         text8        000000
__Htext9                                         text9        000000
__LRAM                                           (abs)        000001
__Labs1                                          abs1         000000
__Lbank0                                         bank0        000000
__Lbank1                                         bank1        000000
__Lbank10                                        bank10       000000
__Lbank11                                        bank11       000000
__Lbank12                                        bank12       000000
__Lbank13                                        bank13       000000
__Lbank14                                        bank14       000000
__Lbank15                                        bank15       000000
__Lbank2                                         bank2        000000
__Lbank3                                         bank3        000000
__Lbank4                                         bank4        000000
__Lbank5                                         bank5        000000
__Lbank6                                         bank6        000000
__Lbank7                                         bank7        000000
__Lbank8                                         bank8        000000
__Lbank9                                         bank9        000000
__Lbigbss                                        bigbss       000000
__Lbigdata                                       bigdata      000000
__Lbigram                                        bigram       000000
__Lbigsfr                                        bigsfr       000000
__Lbss                                           bss          000000
__LbssCOMRAM                                     bssCOMRAM    000000
__Lcinit                                         cinit        000000
__Lclrtext                                       clrtext      000000
__Lcomram                                        comram       000000
__Lconfig                                        config       000000
__Lconst                                         const        000000
__LcstackCOMRAM                                  cstackCOMRAM 000000
__Ldata                                          data         000000
__LdataCOMRAM                                    dataCOMRAM   000000
__Leeprom_data                                   eeprom_data  000000
__Lfarbss                                        farbss       000000
__Lfardata                                       fardata      000000
__Lheap                                          heap         000000
__Libigdata                                      ibigdata     000000
__Lidata                                         idata        000000
__LidataCOMRAM                                   idataCOMRAM  000000
__Lidloc                                         idloc        000000
__Lifardata                                      ifardata     000000
__Linit                                          init         00000E
__Lintcode                                       intcode      000008
__Lintcode_body                                  intcode_body 000000
__Lintcodelo                                     intcodelo    00000E
__Lintentry                                      intentry     000000
__Lintret                                        intret       000000
__Lintsave_regs                                  intsave_regs 000000
__Lirdata                                        irdata       000000
__Lmediumconst                                   mediumconst  000000
__LnvFARRAM                                      nvFARRAM     000000
__Lnvbit                                         nvbit        000000
__Lnvrram                                        nvrram       000000
__Lparam                                         rparam       000000
__Lpowerup                                       powerup      00000E
__Lram                                           ram          000000
__Lramtop                                        ramtop       001000
__Lrbit                                          rbit         000000
__Lrbss                                          rbss         000000
__Lrdata                                         rdata        000000
__Lreset_vec                                     reset_vec    000000
__Lrparam                                        rparam       000000
__Lsfr                                           sfr          000000
__Lsmallconst                                    smallconst   001000
__Lspace_0                                       (abs)        000000
__Lspace_1                                       (abs)        000000
__Lspace_2                                       (abs)        000000
__Lspace_4                                       (abs)        000000
__Lstack                                         stack        000000
__Lstruct                                        struct       000000
__Ltemp                                          temp         00006B
__Ltext                                          text         000000
__Ltext0                                         text0        000000
__Ltext1                                         text1        000000
__Ltext10                                        text10       000000
__Ltext11                                        text11       000000
__Ltext12                                        text12       000000
__Ltext13                                        text13       000000
__Ltext14                                        text14       000000
__Ltext16                                        text16       000000
__Ltext17                                        text17       000000
__Ltext18                                        text18       000000
__Ltext19                                        text19       000000
__Ltext2                                         text2        000000
__Ltext20                                        text20       000000
__Ltext21                                        text21       000000
__Ltext22                                        text22       000000
__Ltext23                                        text23       000000
__Ltext24                                        text24       000000
__Ltext3                                         text3        000000
__Ltext4                                         text4        000000
__Ltext5                                         text5        000000
__Ltext6                                         text6        000000
__Ltext7                                         text7        000000
__Ltext8                                         text8        000000
__Ltext9                                         text9        000000
__S0                                             (abs)        001AA2
__S1                                             (abs)        00006C
__S4                                             (abs)        000000
__S5                                             (abs)        000000
___heap_hi                                       (abs)        000000
___heap_lo                                       (abs)        000000
___inthi_sp                                      stack        000000
___intlo_sp                                      stack        000000
___param_bank                                    (abs)        000000
___rparam_used                                   (abs)        000001
___sp                                            stack        000000
__accesstop                                      (abs)        000080
__activetblptr                                   (abs)        000003
__end_of_Application_initialize                  text1        0018C4
__end_of_INT0_ISR                                text18       0019E8
__end_of_INT1_ISR                                text17       0019BA
__end_of_INT2_ISR                                text16       00198C
__end_of_InterruptManager                        intcode_body 001622
__end_of_Interrupt_INTx_Clear_Flag               text14       001800
__end_of_Interrupt_INTx_Disable                  text13       00178E
__end_of_Interrupt_INTx_Edge_init                text12       00139A
__end_of_Interrupt_INTx_Enable                   text11       0016A0
__end_of_Interrupt_INTx_Init                     text4        00186E
__end_of_Interrupt_INTx_Pin                      text9        00195E
__end_of_Interrupt_INTx_SetInterruptHandler      text5        0014F4
__end_of_Set_INT0_InterruptHandler               text8        001A66
__end_of_Set_INT1_InterruptHandler               text7        001A3C
__end_of_Set_INT2_InterruptHandler               text6        001A12
__end_of__initialization                         cinit        0018F0
__end_of_btn_values                              smallconst   001011
__end_of_gpio_pin_direction_init                 text10       001178
__end_of_gpio_pin_toggle_logic                   text23       00144A
__end_of_gpio_pin_write_logic                    text3        0012C2
__end_of_int0_app_isr                            text20       001A86
__end_of_int1_app_isr                            text19       001A76
__end_of_int2_app_isr                            text21       001A96
__end_of_led_initialize                          text2        00158C
__end_of_led_toggle_logic                        text22       00171C
__end_of_main                                    text0        001AA2
__initialization                                 cinit        0018C4
__mediumconst                                    mediumconst  000000
__pbssCOMRAM                                     bssCOMRAM    000056
__pcinit                                         cinit        0018C4
__pcstackCOMRAM                                  cstackCOMRAM 000035
__pdataCOMRAM                                    dataCOMRAM   000001
__pidataCOMRAM                                   idataCOMRAM  0018FA
__pintcode                                       intcode      000008
__pintcode_body                                  intcode_body 00158C
__psmallconst                                    smallconst   001000
__ptext0                                         text0        001A96
__ptext1                                         text1        00186E
__ptext10                                        text10       001016
__ptext11                                        text11       001622
__ptext12                                        text12       0012C2
__ptext13                                        text13       00171C
__ptext14                                        text14       00178E
__ptext16                                        text16       00195E
__ptext17                                        text17       00198C
__ptext18                                        text18       0019BA
__ptext19                                        text19       001A66
__ptext2                                         text2        0014F4
__ptext20                                        text20       001A76
__ptext21                                        text21       001A86
__ptext22                                        text22       0016A0
__ptext23                                        text23       00139A
__ptext24                                        text24       000000
__ptext3                                         text3        001178
__ptext4                                         text4        001800
__ptext5                                         text5        00144A
__ptext6                                         text6        0019E8
__ptext7                                         text7        001A12
__ptext8                                         text8        001A3C
__ptext9                                         text9        00192E
__ramtop                                         ramtop       001000
__smallconst                                     smallconst   001000
_gpio_pin_direction_init                         text10       001016
_gpio_pin_toggle_logic                           text23       00139A
_gpio_pin_write_logic                            text3        001178
_int0_app_isr                                    text20       001A76
_int0_obj                                        dataCOMRAM   00002C
_int1_app_isr                                    text19       001A66
_int1_obj                                        dataCOMRAM   000026
_int2_app_isr                                    text21       001A86
_int2_obj                                        dataCOMRAM   000020
_lat_register                                    dataCOMRAM   00000B
_led1                                            dataCOMRAM   000034
_led2                                            dataCOMRAM   000033
_led3                                            dataCOMRAM   000032
_led_initialize                                  text2        0014F4
_led_toggle_logic                                text22       0016A0
_main                                            text0        001A96
_port_register                                   dataCOMRAM   000001
_ret                                             dataCOMRAM   00001F
_tris_register                                   dataCOMRAM   000015
btemp                                            temp         00006B
end_of_initialization                            cinit        0018F0
gpio_pin_direction_init@_pin_config_t            cstackCOMRAM 000047
gpio_pin_direction_init@ret                      cstackCOMRAM 00004F
gpio_pin_toggle_logic@_pin_config_t              cstackCOMRAM 000035
gpio_pin_write_logic@_pin_config_t               cstackCOMRAM 000047
gpio_pin_write_logic@logic                       cstackCOMRAM 000049
gpio_pin_write_logic@ret                         cstackCOMRAM 000050
int$flags                                        temp         00006B
int_func                                         intcode_body 00158C
intlevel0                                        text         000000
intlevel1                                        text         000000
intlevel2                                        text         000000
intlevel3                                        text         000000
isa$std                                          (abs)        000001
isa$xinst                                        (abs)        000000
led_initialize@F3043                             bssCOMRAM    000062
led_initialize@led                               cstackCOMRAM 000051
led_initialize@pin_obj                           cstackCOMRAM 000055
led_initialize@ret                               cstackCOMRAM 000054
led_toggle_logic@F3058                           bssCOMRAM    00005F
led_toggle_logic@led                             cstackCOMRAM 00003C
led_toggle_logic@pin_obj                         cstackCOMRAM 000040
led_toggle_logic@ret                             cstackCOMRAM 00003F
led_turn_off@F3053                               bssCOMRAM    000060
led_turn_on@F3048                                bssCOMRAM    000061
relay_initialize@F3037                           bssCOMRAM    00005E
relay_turn_off@F3047                             bssCOMRAM    00005C
relay_turn_on@F3042                              bssCOMRAM    00005D
stackhi                                          (abs)        000000
stacklo                                          (abs)        000000
start                                            init         00000E
start_initialization                             cinit        0018C4
ttemp5                                           temp         00006C
ttemp6                                           temp         00006F
ttemp7                                           temp         000073
wtemp8                                           temp         00006C


MODULE INFORMATION

Module		Function		Class		Link	Load	Size
Application.c
		_main          		CODE           	1A96	0000	12
		_int0_app_isr  		CODE           	1A76	0000	16
		_int1_app_isr  		CODE           	1A66	0000	16
		_int2_app_isr  		CODE           	1A86	0000	16
		_Application_initialize		CODE           	186E	0000	86

Application.c estimated size: 146

MCAL_Layer/Interrupt/hal_extrenal_interrupt.c
		_Interrupt_INTx_Edge_init		CODE           	12C2	0000	216
		_Interrupt_INTx_Clear_Flag		CODE           	178E	0000	114
		_Interrupt_INTx_SetInterruptHandler		CODE           	144A	0000	170
		_Interrupt_INTx_Enable		CODE           	1622	0000	126
		_Set_INT0_InterruptHandler		CODE           	1A3C	0000	42
		_Set_INT1_InterruptHandler		CODE           	1A12	0000	42
		_Set_INT2_InterruptHandler		CODE           	19E8	0000	42
		_Interrupt_INTx_Init		CODE           	1800	0000	110
		_Interrupt_INTx_Disable		CODE           	171C	0000	114
		_Interrupt_INTx_Pin		CODE           	192E	0000	48
		_INT0_ISR      		CODE           	19BA	0000	46
		_INT1_ISR      		CODE           	198C	0000	46
		_INT2_ISR      		CODE           	195E	0000	46

MCAL_Layer/Interrupt/hal_extrenal_interrupt.c estimated size: 1162

MCAL_Layer/Interrupt/hal_manager_interrupt.c
		_InterruptManager		CODE           	0008	0000	156

MCAL_Layer/Interrupt/hal_manager_interrupt.c estimated size: 156

shared
		_btn_values    		SMALLCONST     	0000	0000	0
		__initialization		CODE           	18C4	0000	44

shared estimated size: 44

MCAL_Layer/hal_gpio.c
		_gpio_pin_write_logic		CODE           	1178	0000	330
		_gpio_pin_direction_init		CODE           	1016	0000	354
		_gpio_pin_toggle_logic		CODE           	139A	0000	176

MCAL_Layer/hal_gpio.c estimated size: 860

ECU_Layer/Ecu_led.c
		_led_initialize		CODE           	14F4	0000	152
		_led_toggle_logic		CODE           	16A0	0000	124

ECU_Layer/Ecu_led.c estimated size: 276

